Microchip MPLAB XC8 Compiler V1.38 ()

Linker command line:

-W-3 --edf=/opt/microchip/xc8/v1.38/dat/en_msgs.txt -cs \
  -h+dist/default/production/hexSegController.X.production.sym \
  --cmf=dist/default/production/hexSegController.X.production.cmf -z \
  -Q18F4553 -o/tmp/xcX2oVDD8 \
  -Mdist/default/production/hexSegController.X.production.map -E1 -ver=XC8 \
  -ASTACK=0440h-07ffh -pstack=STACK -ACODE=00h-07FFFh -ACONST=00h-07FFFh \
  -ASMALLCONST=0800h-08FFhx120 -AMEDIUMCONST=0800h-07FFFh -ACOMRAM=01h-05Fh \
  -AABS1=00h-07FFh -ABIGRAM=01h-07FFh -ARAM=060h-0FFh,0100h-01FFhx7 \
  -ABANK0=060h-0FFh -ABANK1=0100h-01FFh -ABANK2=0200h-02FFh \
  -ABANK3=0300h-03FFh -ABANK4=0400h-04FFh -ABANK5=0500h-05FFh \
  -ABANK6=0600h-06FFh -ABANK7=0700h-07FFh -ASFR=0F60h-0FFFh \
  -preset_vec=00h,intcode=08h,intcodelo,powerup,init,end_init \
  -pramtop=0800h -psmallconst=SMALLCONST -pmediumconst=MEDIUMCONST \
  -pconst=CONST -AFARRAM=00h-00h -ACONFIG=0300000h-030000Dh -pconfig=CONFIG \
  -AIDLOC=0200000h-0200007h -pidloc=IDLOC -AEEDATA=0F00000h-0F000FFh \
  -peeprom_data=EEDATA \
  -prdata=COMRAM,nvrram=COMRAM,nvbit=COMRAM,rbss=COMRAM,rbit=COMRAM \
  -pfarbss=FARRAM,fardata=FARRAM,nvFARRAM=FARRAM \
  -pintsave_regs=BIGRAM,bigbss=BIGRAM,bigdata=BIGRAM -pbss=RAM \
  -pidata=CODE,irdata=CODE,ibigdata=CODE,ifardata=CODE -prparam=COMRAM \
  /tmp/xcX8PwUi1.obj \
  dist/default/production/hexSegController.X.production.obj 

Object code version is 3.11

Machine type is 18F4553

Call graph: (short form)




                Name                               Link     Load   Length Selector   Space Scale
/tmp/xcX8PwUi1.obj
                end_init                             16       16        4        4       0
                reset_vec                             0        0        4        0       0
                idloc                            200000   200000        8   200000       0
                config                           300000   300000        E   300000       0
dist/default/production/hexSegController.X.production.obj
                intcode                               8        8        E        4       0
                temp                                 4E       4E        1        1       1
                smallconst                          800      800       CC      400       0
                text10                              FE8      FE8       70      466       0
                text9                              115A     115A       28      466       0
                text8                              10BE     10BE       38      466       0
                intcode_body                        D68      D68      10A      466       0
                text6                              1058     1058       66      466       0
                text5                              11A6     11A6       18      466       0
                text4                              11BE     11BE        A      466       0
                text3                              112A     112A       30      466       0
                text2                              10F6     10F6       34      466       0
                text1                               C0A      C0A      15E      466       0
                text0                               8CC      8CC      33E      466       0
                cstackCOMRAM                         35       35       19        1       1
                cstackBANK0                          FA       FA        6       60       1
                cstackBANK2                         240      240        B      200       1
                bssBANK2                            200      200       40      200       1
                dataBANK1                           100      100      100      100       1
                dataBANK0                            D6       D6       24       60       1
                bssBANK0                             60       60       76       60       1
                bssCOMRAM                             1        1       34        1       1
                cinit                               F72      F72       76      466       0
                idataBANK1                          E72      E72      100      466       0
                idataBANK0                         1182     1182       24      466       0

TOTAL           Name                               Link     Load   Length     Space
        CLASS   STACK          

        CLASS   CODE           
                end_init                             16       16        4         0
                intcode                               8        8        E         0
                reset_vec                             0        0        4         0
                text10                              FE8      FE8       70         0
                text9                              115A     115A       28         0
                text8                              10BE     10BE       38         0
                intcode_body                        D68      D68      10A         0
                text6                              1058     1058       66         0
                text5                              11A6     11A6       18         0
                text4                              11BE     11BE        A         0
                text3                              112A     112A       30         0
                text2                              10F6     10F6       34         0
                text1                               C0A      C0A      15E         0
                text0                               8CC      8CC      33E         0
                cinit                               F72      F72       76         0
                idataBANK1                          E72      E72      100         0
                idataBANK0                         1182     1182       24         0

        CLASS   CONST          

        CLASS   SMALLCONST     
                smallconst                          800      800       CC         0

        CLASS   MEDIUMCONST    

        CLASS   COMRAM         
                temp                                 4E       4E        1         1
                cstackCOMRAM                         35       35       19         1
                bssCOMRAM                             1        1       34         1

        CLASS   ABS1           
                abs_s1                              400      400       40         1

        CLASS   BIGRAM         

        CLASS   RAM            

        CLASS   BANK0          
                cstackBANK0                          FA       FA        6         1
                dataBANK0                            D6       D6       24         1
                bssBANK0                             60       60       76         1

        CLASS   BANK1          
                dataBANK1                           100      100      100         1

        CLASS   BANK2          
                cstackBANK2                         240      240        B         1
                bssBANK2                            200      200       40         1

        CLASS   BANK3          

        CLASS   BANK4          

        CLASS   BANK5          

        CLASS   BANK6          

        CLASS   BANK7          

        CLASS   SFR            

        CLASS   FARRAM         

        CLASS   CONFIG         
                config                           300000   300000        E         0

        CLASS   IDLOC          
                idloc                            200000   200000        8         0

        CLASS   EEDATA         



SEGMENTS        Name                           Load    Length   Top    Selector   Space  Class

                reset_vec                      000000  000004  000004         0       0  CODE    
                bssCOMRAM                      000001  00004E  00004F         1       1  COMRAM  
                intcode                        000008  000012  00001A         4       0  CODE    
                bssBANK0                       000060  0000A0  000100        60       1  BANK0   
                dataBANK1                      000100  000100  000200       100       1  BANK1   
                bssBANK2                       000200  00004B  00024B       200       1  BANK2   
                smallconst                     000800  0000CC  0008CC       400       0  SMALLCON
                text0                          0008CC  0008FC  0011C8       466       0  CODE    
                idloc                          200000  000008  200008    200000       0  IDLOC   
                config                         300000  00000E  30000E    300000       0  CONFIG  


UNUSED ADDRESS RANGES

        Name                Unused          Largest block    Delta
        BANK2            00024B-0002FF               B5
        BANK3            000300-0003FF              100
        BANK4            000440-0004FF               C0
        BANK5            000500-0005FF              100
        BANK6            000600-0006FF              100
        BANK7            000700-0007FF              100
        BIGRAM           00004F-00005F               11
                         00024B-0003FF              1B5
                         000440-0007FF              3C0
        CODE             000004-000007                4
                         00001A-0007FF              7E6
                         0011C8-007FFF             6E38
        COMRAM           00004F-00005F               11
        CONST            000004-000007                4
                         00001A-0007FF              7E6
                         0011C8-007FFF             6E38
        EEDATA           F00000-F000FF              100
        MEDIUMCONST      0011C8-007FFF             6E38
        RAM              00024B-0003FF               B5
                         000440-0007FF              100
        SFR              000F60-000FFF               A0
        SMALLCONST       0011C8-007FFF              100
        STACK            000440-0007FF              3C0

                                  Symbol Table

?___awmod                                  cstackCOMRAM 000035
SYSTEM_Initialize@pll_startup_counter      cstackBANK0  0000FB
SYSTEM_Initialize@pll_startup_counter_2128 cstackBANK0  0000FD
SYSTEM_Initialize@state                    cstackBANK0  0000FA
USART_getcUSART@c                          cstackBANK0  0000FA
USART_putcUSART@c                          cstackBANK0  0000FA
USBDeviceInit@i                            cstackBANK2  000242
_ADCON1                                    (abs)        000FC1
_BAUDCON                                   (abs)        000FB8
_BDT                                       (abs)        000400
_BRGH                                      (abs)        007D62
_BaudRateGen                               bssBANK0     000066
_BothEP0OutUOWNsSet                        bssCOMRAM    000021
_CDCDataInHandle                           bssBANK0     000074
_CDCDataOutHandle                          bssCOMRAM    00001B
_CMCON                                     (abs)        000FB4
_CtrlTrfData                               (abs)        000438
_INTCONbits                                (abs)        000FF2
_IPR2bits                                  (abs)        000FA2
_OSCCON                                    (abs)        000FD3
_PIE1bits                                  (abs)        000F9D
_PIE2bits                                  (abs)        000FA0
_PIR1bits                                  (abs)        000F9E
_PIR2bits                                  (abs)        000FA1
_PORTA                                     (abs)        000F80
_PORTB                                     (abs)        000F81
_PORTC                                     (abs)        000F82
_PORTD                                     (abs)        000F83
_PORTE                                     (abs)        000F84
_PR2                                       (abs)        000FCB
_RCONbits                                  (abs)        000FD0
_RCREG                                     (abs)        000FAE
_RCSTA                                     (abs)        000FAB
_RCSTAbits                                 (abs)        000FAB
_RemoteWakeup                              bssCOMRAM    000022
_SPBRG                                     (abs)        000FAF
_SPBRGH                                    (abs)        000FB0
_SYSTEM_Initialize                         text6        001058
_SetupPkt                                  (abs)        000430
_T2CON                                     (abs)        000FCA
_TMR2                                      (abs)        000FCC
_TRISA                                     (abs)        000F92
_TRISB                                     (abs)        000F93
_TRISC                                     (abs)        000F94
_TRISCbits                                 (abs)        000F94
_TRISD                                     (abs)        000F95
_TRISE                                     (abs)        000F96
_TXREG                                     (abs)        000FAD
_TXSTA                                     (abs)        000FAC
_UADDR                                     (abs)        000F6E
_UCFG                                      (abs)        000F6F
_UCON                                      (abs)        000F6D
_UCONbits                                  (abs)        000F6D
_UEIE                                      (abs)        000F6B
_UEIR                                      (abs)        000F6A
_UEP0                                      (abs)        000F70
_UEP0bits                                  (abs)        000F70
_UEP1                                      (abs)        000F71
_UIE                                       (abs)        000F69
_UIEbits                                   (abs)        000F69
_UIR                                       (abs)        000F68
_UIRbits                                   (abs)        000F68
_USART_getcUSART                           text5        0011A6
_USART_mySetLineCodingHandler              (abs)        000000
_USART_putcUSART                           text4        0011BE
_USB1msTickCount                           bssBANK0     00006A
_USBActiveConfiguration                    bssCOMRAM    000033
_USBAlternateInterface                     bssBANK0     0000D2
_USBBusIsSuspended                         bssCOMRAM    000023
_USBDeferINDataStagePackets                bssCOMRAM    000024
_USBDeferOUTDataStagePackets               bssCOMRAM    000025
_USBDeferStatusStagePacket                 bssCOMRAM    000026
_USBDeviceAttach                           text3        00112A
_USBDeviceInit                             text1        000C0A
_USBDeviceState                            bssCOMRAM    000027
_USBStatusStageEnabledFlag1                bssCOMRAM    000028
_USBStatusStageEnabledFlag2                bssCOMRAM    000029
_USBStatusStageTimeoutCounter              bssCOMRAM    00002A
_USBTicksSinceSuspendEnd                   bssCOMRAM    00002B
_USB_CD_Ptr                                smallconst   000807
_USB_SD_Ptr                                smallconst   000801
_USTAT                                     (abs)        000F6C
_USTATcopy                                 bssCOMRAM    000034
__CFG_FOSC$HS                              (abs)        000000
__CFG_LVP$OFF                              (abs)        000000
__CFG_MCLRE$ON                             (abs)        000000
__HRAM                                     (abs)        000000
__Habs1                                    abs1         000000
__Hbank0                                   bank0        000000
__Hbank1                                   bank1        000000
__Hbank2                                   bank2        000000
__Hbank3                                   bank3        000000
__Hbank4                                   bank4        000000
__Hbank5                                   bank5        000000
__Hbank6                                   bank6        000000
__Hbank7                                   bank7        000000
__Hbigbss                                  bigbss       000000
__Hbigdata                                 bigdata      000000
__Hbigram                                  bigram       000000
__Hbss                                     bss          000000
__HbssBANK0                                bssBANK0     000000
__HbssBANK2                                bssBANK2     000000
__HbssCOMRAM                               bssCOMRAM    000000
__Hcinit                                   cinit        000000
__Hclrtext                                 clrtext      000000
__Hcomram                                  comram       000000
__Hconfig                                  config       30000E
__Hconst                                   const        000000
__HcstackBANK0                             cstackBANK0  000000
__HcstackBANK2                             cstackBANK2  000000
__HcstackCOMRAM                            cstackCOMRAM 000000
__Hdata                                    data         000000
__HdataBANK0                               dataBANK0    000000
__HdataBANK1                               dataBANK1    000000
__Heeprom_data                             eeprom_data  000000
__Hend_init                                end_init     00001A
__Hfarbss                                  farbss       000000
__Hfardata                                 fardata      000000
__Hibigdata                                ibigdata     000000
__Hidata                                   idata        000000
__HidataBANK0                              idataBANK0   000000
__HidataBANK1                              idataBANK1   000000
__Hidloc                                   idloc        200008
__Hifardata                                ifardata     000000
__Hinit                                    init         000016
__Hintcode                                 intcode      000016
__Hintcode_body                            intcode_body 000000
__Hintcodelo                               intcodelo    000016
__Hintentry                                intentry     000000
__Hintret                                  intret       000000
__Hintsave_regs                            intsave_regs 000000
__Hirdata                                  irdata       000000
__Hmediumconst                             mediumconst  000000
__HnvFARRAM                                nvFARRAM     000000
__Hnvbit                                   nvbit        000000
__Hnvrram                                  nvrram       000000
__Hparam                                   rparam       000000
__Hpowerup                                 powerup      000016
__Hram                                     ram          000000
__Hramtop                                  ramtop       000800
__Hrbit                                    rbit         000000
__Hrbss                                    rbss         000000
__Hrdata                                   rdata        000000
__Hreset_vec                               reset_vec    000004
__Hrparam                                  rparam       000000
__Hsfr                                     sfr          000000
__Hsmallconst                              smallconst   0008CC
__Hspace_0                                 (abs)        30000E
__Hspace_1                                 (abs)        00024B
__Hspace_2                                 (abs)        000000
__Hstack                                   stack        000000
__Hstruct                                  struct       000000
__Htemp                                    temp         00004F
__Htext                                    text         000000
__Htext0                                   text0        000000
__Htext1                                   text1        000000
__Htext10                                  text10       000000
__Htext2                                   text2        000000
__Htext3                                   text3        000000
__Htext4                                   text4        000000
__Htext5                                   text5        000000
__Htext6                                   text6        000000
__Htext8                                   text8        000000
__Htext9                                   text9        000000
__LRAM                                     (abs)        000001
__Labs1                                    abs1         000000
__Lbank0                                   bank0        000000
__Lbank1                                   bank1        000000
__Lbank2                                   bank2        000000
__Lbank3                                   bank3        000000
__Lbank4                                   bank4        000000
__Lbank5                                   bank5        000000
__Lbank6                                   bank6        000000
__Lbank7                                   bank7        000000
__Lbigbss                                  bigbss       000000
__Lbigdata                                 bigdata      000000
__Lbigram                                  bigram       000000
__Lbss                                     bss          000000
__LbssBANK0                                bssBANK0     000000
__LbssBANK2                                bssBANK2     000000
__LbssCOMRAM                               bssCOMRAM    000000
__Lcinit                                   cinit        000000
__Lclrtext                                 clrtext      000000
__Lcomram                                  comram       000000
__Lconfig                                  config       300000
__Lconst                                   const        000000
__LcstackBANK0                             cstackBANK0  000000
__LcstackBANK2                             cstackBANK2  000000
__LcstackCOMRAM                            cstackCOMRAM 000000
__Ldata                                    data         000000
__LdataBANK0                               dataBANK0    000000
__LdataBANK1                               dataBANK1    000000
__Leeprom_data                             eeprom_data  000000
__Lend_init                                end_init     000016
__Lfarbss                                  farbss       000000
__Lfardata                                 fardata      000000
__Libigdata                                ibigdata     000000
__Lidata                                   idata        000000
__LidataBANK0                              idataBANK0   000000
__LidataBANK1                              idataBANK1   000000
__Lidloc                                   idloc        200000
__Lifardata                                ifardata     000000
__Linit                                    init         000016
__Lintcode                                 intcode      000008
__Lintcode_body                            intcode_body 000000
__Lintcodelo                               intcodelo    000016
__Lintentry                                intentry     000000
__Lintret                                  intret       000000
__Lintsave_regs                            intsave_regs 000000
__Lirdata                                  irdata       000000
__Lmediumconst                             mediumconst  000000
__LnvFARRAM                                nvFARRAM     000000
__Lnvbit                                   nvbit        000000
__Lnvrram                                  nvrram       000000
__Lparam                                   rparam       000000
__Lpowerup                                 powerup      000016
__Lram                                     ram          000000
__Lramtop                                  ramtop       000800
__Lrbit                                    rbit         000000
__Lrbss                                    rbss         000000
__Lrdata                                   rdata        000000
__Lreset_vec                               reset_vec    000000
__Lrparam                                  rparam       000000
__Lsfr                                     sfr          000000
__Lsmallconst                              smallconst   000800
__Lspace_0                                 (abs)        000000
__Lspace_1                                 (abs)        000000
__Lspace_2                                 (abs)        000000
__Lstack                                   stack        000000
__Lstruct                                  struct       000000
__Ltemp                                    temp         00004E
__Ltext                                    text         000000
__Ltext0                                   text0        000000
__Ltext1                                   text1        000000
__Ltext10                                  text10       000000
__Ltext2                                   text2        000000
__Ltext3                                   text3        000000
__Ltext4                                   text4        000000
__Ltext5                                   text5        000000
__Ltext6                                   text6        000000
__Ltext8                                   text8        000000
__Ltext9                                   text9        000000
__S0                                       (abs)        30000E
__S1                                       (abs)        00024B
__S2                                       (abs)        000000
___awmod                                   text10       000FE8
___awmod@counter                           cstackCOMRAM 000039
___awmod@dividend                          cstackCOMRAM 000035
___awmod@divisor                           cstackCOMRAM 000037
___awmod@sign                              cstackCOMRAM 00003A
___inthi_sp                                stack        000000
___intlo_sp                                stack        000000
___param_bank                              (abs)        000010
___rparam_used                             (abs)        000001
___sp                                      stack        000000
__accesstop                                (abs)        000060
__activetblptr                             (abs)        000002
__end_of_SYSTEM_Initialize                 text6        0010BE
__end_of_USART_getcUSART                   text5        0011BE
__end_of_USART_putcUSART                   text4        0011C8
__end_of_USBDeviceAttach                   text3        00115A
__end_of_USBDeviceInit                     text1        000D68
__end_of_USB_CD_Ptr                        smallconst   000809
__end_of_USB_SD_Ptr                        smallconst   000807
__end_of___awmod                           text10       001058
__end_of__initialization                   cinit        000FDA
__end_of_configDescriptor1                 smallconst   00084C
__end_of_device_dsc                        smallconst   0008C6
__end_of_isr                               intcode_body 000E72
__end_of_main                              text0        000C0A
__end_of_memset                            text2        00112A
__end_of_sd000                             smallconst   0008CA
__end_of_sd001                             smallconst   000880
__end_of_sd002                             smallconst   0008B4
__end_of_setDigitPin                       text9        001182
__end_of_setSegPin                         text8        0010F6
__initialization                           cinit        000F72
__mediumconst                              mediumconst  000000
__pbssBANK0                                bssBANK0     000060
__pbssBANK2                                bssBANK2     000200
__pbssCOMRAM                               bssCOMRAM    000001
__pcinit                                   cinit        000F72
__pcstackBANK0                             cstackBANK0  0000FA
__pcstackBANK2                             cstackBANK2  000240
__pcstackCOMRAM                            cstackCOMRAM 000035
__pdataBANK0                               dataBANK0    0000D6
__pdataBANK1                               dataBANK1    000100
__pidataBANK0                              idataBANK0   001182
__pidataBANK1                              idataBANK1   000E72
__pintcode                                 intcode      000008
__pintcode_body                            intcode_body 000D68
__psmallconst                              smallconst   000800
__ptext0                                   text0        0008CC
__ptext1                                   text1        000C0A
__ptext10                                  text10       000FE8
__ptext2                                   text2        0010F6
__ptext3                                   text3        00112A
__ptext4                                   text4        0011BE
__ptext5                                   text5        0011A6
__ptext6                                   text6        001058
__ptext8                                   text8        0010BE
__ptext9                                   text9        00115A
__ramtop                                   ramtop       000800
__size_of_SYSTEM_Initialize                (abs)        000000
__size_of_USART_getcUSART                  (abs)        000000
__size_of_USART_putcUSART                  (abs)        000000
__size_of_USBDeviceAttach                  (abs)        000000
__size_of_USBDeviceInit                    (abs)        000000
__size_of___awmod                          (abs)        000000
__size_of_isr                              (abs)        000000
__size_of_main                             (abs)        000000
__size_of_memset                           (abs)        000000
__size_of_setDigitPin                      (abs)        000000
__size_of_setSegPin                        (abs)        000000
__smallconst                               smallconst   000800
_cdc_data_rx                               bssBANK0     000079
_cdc_data_tx                               bssBANK2     000200
_cdc_mem_type                              bssCOMRAM    00002C
_cdc_notice                                bssBANK0     0000B9
_cdc_rx_len                                bssCOMRAM    00002D
_cdc_trf_state                             bssCOMRAM    00002E
_cdc_tx_len                                bssCOMRAM    00002F
_configDescriptor1                         smallconst   000809
_controlTransferState                      bssCOMRAM    000030
_control_signal_bitmap                     bssBANK0     000078
_device_dsc                                smallconst   0008B4
_digitPtr                                  bssBANK0     0000D4
_dummy_encapsulated_cmd_response           bssBANK0     0000C3
_endpoint_number                           bssCOMRAM    000031
_ep_data_in                                bssCOMRAM    000015
_ep_data_out                               bssCOMRAM    000018
_fontList                                  dataBANK1    000100
_inPipes                                   bssCOMRAM    000009
_isr                                       intcode      000008
_line_coding                               bssBANK0     0000CB
_main                                      text0        0008CC
_memset                                    text2        0010F6
_outPipes                                  bssCOMRAM    000001
_pBDTEntryEP0OutCurrent                    bssCOMRAM    00001D
_pBDTEntryEP0OutNext                       bssCOMRAM    00001F
_pBDTEntryIn                               bssCOMRAM    00000F
_pBDTEntryOut                              bssBANK0     000060
_pCDCDst                                   bssBANK0     00006E
_pCDCSrc                                   bssBANK0     000071
_pDst                                      bssBANK0     000076
_sd000                                     smallconst   0008C6
_sd001                                     smallconst   00084C
_sd002                                     smallconst   000880
_segMap                                    dataBANK0    0000D6
_setDigitPin                               text9        00115A
_setSegPin                                 text8        0010BE
_shortPacketStatus                         bssCOMRAM    000032
btemp                                      temp         00004E
end_of_initialization                      cinit        000FDA
int$flags                                  temp         00004E
int_func                                   intcode_body 000D68
intlevel0                                  text         000000
intlevel1                                  text         000000
intlevel2                                  text         000000
intlevel3                                  text         000000
main@RxData                                cstackBANK2  00024A
main@buff                                  cstackBANK2  000249
main@digitSelector                         cstackBANK2  000247
memset@c                                   cstackBANK0  0000FC
memset@n                                   cstackBANK0  0000FE
memset@p                                   cstackBANK2  000240
memset@p1                                  cstackBANK0  0000FA
setDigitPin@input                          cstackCOMRAM 000035
setSegPin@input                            cstackCOMRAM 000035
stackhi                                    (abs)        0007FF
stacklo                                    (abs)        000440
start                                      init         000016
start_initialization                       cinit        000F72


FUNCTION INFORMATION:

 *************** function _main *****************
 Defined at:
		line 79 in file "main.c"
 Parameters:    Size  Location     Type
		None
 Auto vars:     Size  Location     Type
  digitSelecto    2    7[BANK2 ] short 
  RxData          1   10[BANK2 ] unsigned char 
  buff            1    9[BANK2 ] unsigned char 
 Return value:  Size  Location     Type
                  1    wreg      void 
 Registers used:
		wreg, fsr2l, fsr2h, status,2, status,0, prodl, prodh, cstack
 Tracked objects:
		On entry : 
		On exit  : 
		Unchanged: 
 Data sizes:     COMRAM   BANK0   BANK1   BANK2   BANK3   BANK4   BANK5   BANK6   BANK7
      Params:         0       0       0       0       0       0       0       0       0
      Locals:         0       0       0       4       0       0       0       0       0
      Temps:          0       0       0       4       0       0       0       0       0
      Totals:         0       0       0       8       0       0       0       0       0
Total ram usage:        8 bytes
 Hardware stack levels required when called:    4
 This function calls:
		_SYSTEM_Initialize
		_USART_getcUSART
		_USART_putcUSART
		_USBDeviceAttach
		_USBDeviceInit
 This function is called by:
		Startup code after reset
 This function uses a non-reentrant model


 *************** function _USBDeviceInit *****************
 Defined at:
		line 277 in file "/home/thotgamma/Git/htlabnet/16_Segment_9_Digit_Display_Controller_Ver1.0/Firmware/hexSegController.X/usb/usb_device.c"
 Parameters:    Size  Location     Type
		None
 Auto vars:     Size  Location     Type
  i               1    2[BANK2 ] unsigned char 
 Return value:  Size  Location     Type
                  1    wreg      void 
 Registers used:
		wreg, fsr2l, fsr2h, status,2, status,0, prodl, prodh, cstack
 Tracked objects:
		On entry : 
		On exit  : 
		Unchanged: 
 Data sizes:     COMRAM   BANK0   BANK1   BANK2   BANK3   BANK4   BANK5   BANK6   BANK7
      Params:         0       0       0       0       0       0       0       0       0
      Locals:         0       0       0       1       0       0       0       0       0
      Temps:          0       0       0       0       0       0       0       0       0
      Totals:         0       0       0       1       0       0       0       0       0
Total ram usage:        1 bytes
 Hardware stack levels used:    1
 Hardware stack levels required when called:    3
 This function calls:
		_memset
 This function is called by:
		_main
		_USBDeviceTasks
 This function uses a non-reentrant model


 *************** function _memset *****************
 Defined at:
		line 8 in file "/opt/microchip/xc8/v1.38/sources/common/memset.c"
 Parameters:    Size  Location     Type
  p1              2    0[BANK0 ] PTR void 
		 -> USBAlternateInterface(2), BDT(48), UEP1(1), 
  c               2    2[BANK0 ] int 
  n               2    4[BANK0 ] unsigned int 
 Auto vars:     Size  Location     Type
  p               2    0[BANK2 ] PTR unsigned char 
		 -> USBAlternateInterface(2), BDT(48), UEP1(1), 
 Return value:  Size  Location     Type
                  2    0[BANK0 ] PTR void 
 Registers used:
		wreg, fsr2l, fsr2h, status,2, status,0
 Tracked objects:
		On entry : 
		On exit  : 
		Unchanged: 
 Data sizes:     COMRAM   BANK0   BANK1   BANK2   BANK3   BANK4   BANK5   BANK6   BANK7
      Params:         0       6       0       0       0       0       0       0       0
      Locals:         0       0       0       2       0       0       0       0       0
      Temps:          0       0       0       0       0       0       0       0       0
      Totals:         0       6       0       2       0       0       0       0       0
Total ram usage:        8 bytes
 Hardware stack levels used:    1
 Hardware stack levels required when called:    2
 This function calls:
		Nothing
 This function is called by:
		_USBDeviceInit
		_USBStdSetCfgHandler
 This function uses a non-reentrant model


 *************** function _USBDeviceAttach *****************
 Defined at:
		line 1352 in file "/home/thotgamma/Git/htlabnet/16_Segment_9_Digit_Display_Controller_Ver1.0/Firmware/hexSegController.X/usb/usb_device.c"
 Parameters:    Size  Location     Type
		None
 Auto vars:     Size  Location     Type
		None
 Return value:  Size  Location     Type
                  1    wreg      void 
 Registers used:
		wreg, status,2
 Tracked objects:
		On entry : 
		On exit  : 
		Unchanged: 
 Data sizes:     COMRAM   BANK0   BANK1   BANK2   BANK3   BANK4   BANK5   BANK6   BANK7
      Params:         0       0       0       0       0       0       0       0       0
      Locals:         0       0       0       0       0       0       0       0       0
      Temps:          0       0       0       0       0       0       0       0       0
      Totals:         0       0       0       0       0       0       0       0       0
Total ram usage:        0 bytes
 Hardware stack levels used:    1
 Hardware stack levels required when called:    2
 This function calls:
		Nothing
 This function is called by:
		_main
 This function uses a non-reentrant model


 *************** function _USART_putcUSART *****************
 Defined at:
		line 78 in file "/home/thotgamma/Git/htlabnet/16_Segment_9_Digit_Display_Controller_Ver1.0/Firmware/hexSegController.X/usart.c"
 Parameters:    Size  Location     Type
  c               1    wreg     unsigned char 
 Auto vars:     Size  Location     Type
  c               1    0[BANK0 ] unsigned char 
 Return value:  Size  Location     Type
                  1    wreg      void 
 Registers used:
		wreg
 Tracked objects:
		On entry : 
		On exit  : 
		Unchanged: 
 Data sizes:     COMRAM   BANK0   BANK1   BANK2   BANK3   BANK4   BANK5   BANK6   BANK7
      Params:         0       0       0       0       0       0       0       0       0
      Locals:         0       1       0       0       0       0       0       0       0
      Temps:          0       0       0       0       0       0       0       0       0
      Totals:         0       1       0       0       0       0       0       0       0
Total ram usage:        1 bytes
 Hardware stack levels used:    1
 Hardware stack levels required when called:    2
 This function calls:
		Nothing
 This function is called by:
		_main
 This function uses a non-reentrant model


 *************** function _USART_getcUSART *****************
 Defined at:
		line 158 in file "/home/thotgamma/Git/htlabnet/16_Segment_9_Digit_Display_Controller_Ver1.0/Firmware/hexSegController.X/usart.c"
 Parameters:    Size  Location     Type
		None
 Auto vars:     Size  Location     Type
  c               1    0[BANK0 ] unsigned char 
 Return value:  Size  Location     Type
                  1    wreg      unsigned char 
 Registers used:
		wreg, status,2
 Tracked objects:
		On entry : 
		On exit  : 
		Unchanged: 
 Data sizes:     COMRAM   BANK0   BANK1   BANK2   BANK3   BANK4   BANK5   BANK6   BANK7
      Params:         0       0       0       0       0       0       0       0       0
      Locals:         0       1       0       0       0       0       0       0       0
      Temps:          0       0       0       0       0       0       0       0       0
      Totals:         0       1       0       0       0       0       0       0       0
Total ram usage:        1 bytes
 Hardware stack levels used:    1
 Hardware stack levels required when called:    2
 This function calls:
		Nothing
 This function is called by:
		_main
 This function uses a non-reentrant model


 *************** function _SYSTEM_Initialize *****************
 Defined at:
		line 61 in file "/home/thotgamma/Git/htlabnet/16_Segment_9_Digit_Display_Controller_Ver1.0/Firmware/hexSegController.X/system.c"
 Parameters:    Size  Location     Type
  state           1    wreg     enum E4274
 Auto vars:     Size  Location     Type
  state           1    0[BANK0 ] enum E4274
  pll_startup_    2    3[BANK0 ] unsigned int 
  pll_startup_    2    1[BANK0 ] unsigned int 
 Return value:  Size  Location     Type
                  1    wreg      void 
 Registers used:
		wreg, status,2, status,0
 Tracked objects:
		On entry : 
		On exit  : 
		Unchanged: 
 Data sizes:     COMRAM   BANK0   BANK1   BANK2   BANK3   BANK4   BANK5   BANK6   BANK7
      Params:         0       0       0       0       0       0       0       0       0
      Locals:         0       5       0       0       0       0       0       0       0
      Temps:          0       0       0       0       0       0       0       0       0
      Totals:         0       5       0       0       0       0       0       0       0
Total ram usage:        5 bytes
 Hardware stack levels used:    1
 Hardware stack levels required when called:    2
 This function calls:
		Nothing
 This function is called by:
		_main
 This function uses a non-reentrant model


 *************** function _isr *****************
 Defined at:
		line 195 in file "main.c"
 Parameters:    Size  Location     Type
		None
 Auto vars:     Size  Location     Type
		None
 Return value:  Size  Location     Type
                  1    wreg      void 
 Registers used:
		wreg, fsr2l, fsr2h, status,2, status,0, cstack
 Tracked objects:
		On entry : 
		On exit  : 
		Unchanged: 
 Data sizes:     COMRAM   BANK0   BANK1   BANK2   BANK3   BANK4   BANK5   BANK6   BANK7
      Params:         0       0       0       0       0       0       0       0       0
      Locals:         0       0       0       0       0       0       0       0       0
      Temps:         17       0       0       0       0       0       0       0       0
      Totals:        17       0       0       0       0       0       0       0       0
Total ram usage:       17 bytes
 Hardware stack levels used:    1
 Hardware stack levels required when called:    1
 This function calls:
		___awmod
		_setDigitPin
		_setSegPin
 This function is called by:
		Interrupt level 2
 This function uses a non-reentrant model


 *************** function _setSegPin *****************
 Defined at:
		line 28 in file "main.c"
 Parameters:    Size  Location     Type
  input           4    0[COMRAM] unsigned long 
 Auto vars:     Size  Location     Type
		None
 Return value:  Size  Location     Type
                  1    wreg      void 
 Registers used:
		wreg, status,2, status,0
 Tracked objects:
		On entry : 
		On exit  : 
		Unchanged: 
 Data sizes:     COMRAM   BANK0   BANK1   BANK2   BANK3   BANK4   BANK5   BANK6   BANK7
      Params:         4       0       0       0       0       0       0       0       0
      Locals:         0       0       0       0       0       0       0       0       0
      Temps:          4       0       0       0       0       0       0       0       0
      Totals:         8       0       0       0       0       0       0       0       0
Total ram usage:        8 bytes
 Hardware stack levels used:    1
 This function calls:
		Nothing
 This function is called by:
		_isr
 This function uses a non-reentrant model


 *************** function _setDigitPin *****************
 Defined at:
		line 35 in file "main.c"
 Parameters:    Size  Location     Type
  input           2    0[COMRAM] unsigned int 
 Auto vars:     Size  Location     Type
		None
 Return value:  Size  Location     Type
                  1    wreg      void 
 Registers used:
		wreg, status,2, status,0
 Tracked objects:
		On entry : 
		On exit  : 
		Unchanged: 
 Data sizes:     COMRAM   BANK0   BANK1   BANK2   BANK3   BANK4   BANK5   BANK6   BANK7
      Params:         2       0       0       0       0       0       0       0       0
      Locals:         0       0       0       0       0       0       0       0       0
      Temps:          2       0       0       0       0       0       0       0       0
      Totals:         4       0       0       0       0       0       0       0       0
Total ram usage:        4 bytes
 Hardware stack levels used:    1
 This function calls:
		Nothing
 This function is called by:
		_isr
 This function uses a non-reentrant model


 *************** function ___awmod *****************
 Defined at:
		line 8 in file "/opt/microchip/xc8/v1.38/sources/common/awmod.c"
 Parameters:    Size  Location     Type
  dividend        2    0[COMRAM] int 
  divisor         2    2[COMRAM] int 
 Auto vars:     Size  Location     Type
  sign            1    5[COMRAM] unsigned char 
  counter         1    4[COMRAM] unsigned char 
 Return value:  Size  Location     Type
                  2    0[COMRAM] int 
 Registers used:
		wreg, status,2, status,0
 Tracked objects:
		On entry : 
		On exit  : 
		Unchanged: 
 Data sizes:     COMRAM   BANK0   BANK1   BANK2   BANK3   BANK4   BANK5   BANK6   BANK7
      Params:         4       0       0       0       0       0       0       0       0
      Locals:         2       0       0       0       0       0       0       0       0
      Temps:          0       0       0       0       0       0       0       0       0
      Totals:         6       0       0       0       0       0       0       0       0
Total ram usage:        6 bytes
 Hardware stack levels used:    1
 This function calls:
		Nothing
 This function is called by:
		_isr
 This function uses a non-reentrant model



MODULE INFORMATION

Module		Function		Class		Link	Load	Size
/home/thotgamma/Git/htlabnet/16_Segment_9_Digit_Display_Controller_Ver1.0/Firmware/hexSegController.X/system.c
		_SYSTEM_Initialize		CODE           	1058	0000	103

/home/thotgamma/Git/htlabnet/16_Segment_9_Digit_Display_Controller_Ver1.0/Firmware/hexSegController.X/system.c estimated size: 103

/opt/microchip/xc8/v1.38/sources/common/awmod.c
		___awmod       		CODE           	0FE8	0000	113

/opt/microchip/xc8/v1.38/sources/common/awmod.c estimated size: 113

/opt/microchip/xc8/v1.38/sources/common/memset.c
		_memset        		CODE           	10F6	0000	53

/opt/microchip/xc8/v1.38/sources/common/memset.c estimated size: 53

shared
		_configDescriptor1		SMALLCONST     	0809	0000	68
		_USB_CD_Ptr    		SMALLCONST     	0807	0000	3
		_sd001         		SMALLCONST     	084C	0000	53
		_sd002         		SMALLCONST     	0880	0000	53
		__initialization		CODE           	0F72	0000	105
		_device_dsc    		SMALLCONST     	08B4	0000	19
		_USB_SD_Ptr    		SMALLCONST     	0801	0000	7
		_sd000         		SMALLCONST     	08C6	0000	5

shared estimated size: 313

/home/thotgamma/Git/htlabnet/16_Segment_9_Digit_Display_Controller_Ver1.0/Firmware/hexSegController.X/usart.c
		_USART_getcUSART		CODE           	11A6	0000	25
		_USART_putcUSART		CODE           	11BE	0000	11

/home/thotgamma/Git/htlabnet/16_Segment_9_Digit_Display_Controller_Ver1.0/Firmware/hexSegController.X/usart.c estimated size: 36

/home/thotgamma/Git/htlabnet/16_Segment_9_Digit_Display_Controller_Ver1.0/Firmware/hexSegController.X/usb/usb_device.c
		_USBDeviceAttach		CODE           	112A	0000	49
		_USBDeviceInit 		CODE           	0C0A	0000	351

/home/thotgamma/Git/htlabnet/16_Segment_9_Digit_Display_Controller_Ver1.0/Firmware/hexSegController.X/usb/usb_device.c estimated size: 400

main.c
		_setDigitPin   		CODE           	115A	0000	41
		_main          		CODE           	08CC	0000	831
		_setSegPin     		CODE           	10BE	0000	57
		_isr           		CODE           	0008	0000	281

main.c estimated size: 1210

