Microchip MPLAB XC8 Compiler V1.45 ()

Linker command line:

-W-3 --edf=D:\Microchip\xc8\v1.45\dat\en_msgs.txt -cs \
  -h+dist/default/production\hexSegController.X.production.sym \
  --cmf=dist/default/production\hexSegController.X.production.cmf -z \
  -Q18F4553 -oC:\Users\THOTGA~1\AppData\Local\Temp\scvs.2 \
  -Mdist/default/production/hexSegController.X.production.map -E1 -ver=XC8 \
  -ASTACK=02ADh-07ffh -pstack=STACK -ACODE=00h-07FFFh -ACONST=00h-07FFFh \
  -ASMALLCONST=0800h-08FFhx120 -AMEDIUMCONST=0800h-07FFFh -ACOMRAM=01h-05Fh \
  -AABS1=00h-07FFh -ABIGRAM=01h-07FFh -ARAM=060h-0FFh,0100h-01FFhx7 \
  -ABANK0=060h-0FFh -ABANK1=0100h-01FFh -ABANK2=0200h-02FFh \
  -ABANK3=0300h-03FFh -ABANK4=0400h-04FFh -ABANK5=0500h-05FFh \
  -ABANK6=0600h-06FFh -ABANK7=0700h-07FFh -ASFR=0F60h-0FFFh \
  -preset_vec=00h,intcode=08h,intcodelo,powerup,init -pramtop=0800h \
  -psmallconst=SMALLCONST -pmediumconst=MEDIUMCONST -pconst=CONST \
  -AFARRAM=00h-00h -ACONFIG=0300000h-030000Dh -pconfig=CONFIG \
  -AIDLOC=0200000h-0200007h -pidloc=IDLOC -AEEDATA=0F00000h-0F000FFh \
  -peeprom_data=EEDATA \
  -prdata=COMRAM,nvrram=COMRAM,nvbit=COMRAM,rbss=COMRAM,rbit=COMRAM \
  -pfarbss=FARRAM,fardata=FARRAM,nvFARRAM=FARRAM \
  -pintsave_regs=BIGRAM,bigbss=BIGRAM,bigdata=BIGRAM -pbss=RAM \
  -pidata=CODE,irdata=CODE,ibigdata=CODE,ifardata=CODE -prparam=COMRAM \
  C:\Users\THOTGA~1\AppData\Local\Temp\scvs.obj \
  dist/default/production\hexSegController.X.production.obj 

Object code version is 3.11

Machine type is 18F4553

Call graph: (short form)




                Name                               Link     Load   Length Selector   Space Scale
C:\Users\THOTGA~1\AppData\Local\Temp\scvs.obj
                init                                  E        E        4        4       0
                reset_vec                             0        0        4        0       0
                idloc                            200000   200000        8   200000       0
                config                           300000   300000        E   300000       0
dist/default/production\hexSegController.X.production.obj
                intcode                               8        8        6        4       0
                temp                                 58       58        1        1       1
                smallconst                          800      800       A8      400       0
                text6                              107E     107E       70      454       0
                text5                               EFE      EFE       CE      454       0
                text4                              115A     115A       60      454       0
                text3                               FCC      FCC       B2      454       0
                text2                               8A8      8A8      252      454       0
                intcode_body                        E2E      E2E       D0      454       0
                text0                               CFE      CFE      130      454       0
                cstackCOMRAM                          1        1       50        1       1
                cstackBANK0                          97       97       12       60       1
                dataBIGRAM                           A9       A9      204       A9       1
                dataBANK0                            60       60       24       60       1
                bssBANK0                             84       84       13       60       1
                bssCOMRAM                            51       51        5        1       1
                cinit                              10EE     10EE       6C      454       0
                nvCOMRAM                             56       56        2        1       1
                idataBANK0                         11BA     11BA       24      454       0
                idataBIGRAM                         AFA      AFA      204      454       0

TOTAL           Name                               Link     Load   Length     Space
        CLASS   STACK          

        CLASS   CODE           
                intcode                               8        8        6         0
                init                                  E        E        4         0
                reset_vec                             0        0        4         0
                text6                              107E     107E       70         0
                text5                               EFE      EFE       CE         0
                text4                              115A     115A       60         0
                text3                               FCC      FCC       B2         0
                text2                               8A8      8A8      252         0
                intcode_body                        E2E      E2E       D0         0
                text0                               CFE      CFE      130         0
                cinit                              10EE     10EE       6C         0
                idataBANK0                         11BA     11BA       24         0
                idataBIGRAM                         AFA      AFA      204         0

        CLASS   CONST          

        CLASS   SMALLCONST     
                smallconst                          800      800       A8         0

        CLASS   MEDIUMCONST    

        CLASS   COMRAM         
                temp                                 58       58        1         1
                cstackCOMRAM                          1        1       50         1
                bssCOMRAM                            51       51        5         1
                nvCOMRAM                             56       56        2         1

        CLASS   ABS1           

        CLASS   BIGRAM         
                dataBIGRAM                           A9       A9      204         1

        CLASS   RAM            

        CLASS   BANK0          
                cstackBANK0                          97       97       12         1
                dataBANK0                            60       60       24         1
                bssBANK0                             84       84       13         1

        CLASS   BANK1          

        CLASS   BANK2          

        CLASS   BANK3          

        CLASS   BANK4          

        CLASS   BANK5          

        CLASS   BANK6          

        CLASS   BANK7          

        CLASS   SFR            

        CLASS   FARRAM         

        CLASS   CONFIG         
                config                           300000   300000        E         0

        CLASS   IDLOC          
                idloc                            200000   200000        8         0

        CLASS   EEDATA         



SEGMENTS        Name                           Load    Length   Top    Selector   Space  Class

                reset_vec                      000000  000004  000004         0       0  CODE    
                cstackCOMRAM                   000001  000058  000059         1       1  COMRAM  
                intcode                        000008  00000A  000012         4       0  CODE    
                dataBANK0                      000060  000049  0000A9        60       1  BANK0   
                dataBIGRAM                     0000A9  000204  0002AD        A9       1  BIGRAM  
                smallconst                     000800  0000A8  0008A8       400       0  SMALLCON
                text2                          0008A8  000936  0011DE       454       0  CODE    
                idloc                          200000  000008  200008    200000       0  IDLOC   
                config                         300000  00000E  30000E    300000       0  CONFIG  


UNUSED ADDRESS RANGES

        Name                Unused          Largest block    Delta
        BANK2            0002AD-0002FF               53
        BANK3            000300-0003FF              100
        BANK4            000400-0004FF              100
        BANK5            000500-0005FF              100
        BANK6            000600-0006FF              100
        BANK7            000700-0007FF              100
        BIGRAM           000059-00005F                7
                         0002AD-0007FF              553
        CODE             000004-000007                4
                         000012-0007FF              7EE
                         0011DE-007FFF             6E22
        COMRAM           000059-00005F                7
        CONST            000004-000007                4
                         000012-0007FF              7EE
                         0011DE-007FFF             6E22
        EEDATA           F00000-F000FF              100
        MEDIUMCONST      0011DE-007FFF             6E22
        RAM              0002AD-0007FF              100
        SFR              000F60-000FFF               A0
        SMALLCONST       0011DE-007FFF              100
        STACK            0002AD-0007FF              553

                                  Symbol Table

?___awmod                        cstackCOMRAM 000001
_ADCON1                          (abs)        000FC1
_BAUDCON                         (abs)        000FB8
_BRGH                            (abs)        007D62
_CMCON                           (abs)        000FB4
_DEMO_DOTFLAG                    smallconst   000803
_DEMO_MESSAGE                    smallconst   000855
_INTCONbits                      (abs)        000FF2
_LATAbits                        (abs)        000F89
_LATBbits                        (abs)        000F8A
_LATCbits                        (abs)        000F8B
_MESSAGE_LENGTH                  smallconst   000801
_PIE1bits                        (abs)        000F9D
_PIR1bits                        (abs)        000F9E
_PR2                             (abs)        000FCB
_RCREG                           (abs)        000FAE
_RCSTA                           (abs)        000FAB
_SPBRG                           (abs)        000FAF
_SPBRGH                          (abs)        000FB0
_SSPADD                          (abs)        000FC8
_SSPBUF                          (abs)        000FC9
_SSPCON1                         (abs)        000FC6
_SSPCON2                         (abs)        000FC5
_SSPCON2bits                     (abs)        000FC5
_SSPIE                           (abs)        007CEB
_SSPIF                           (abs)        007CF3
_SSPSTAT                         (abs)        000FC7
_SSPSTATbits                     (abs)        000FC7
_T2CON                           (abs)        000FCA
_TMR2                            (abs)        000FCC
_TRISA                           (abs)        000F92
_TRISB                           (abs)        000F93
_TRISC                           (abs)        000F94
_TRISD                           (abs)        000F95
_TRISE                           (abs)        000F96
__CFG_FOSC$HS                    (abs)        000000
__CFG_LVP$OFF                    (abs)        000000
__CFG_MCLRE$ON                   (abs)        000000
__CFG_WDT$OFF                    (abs)        000000
__HRAM                           (abs)        000000
__Habs1                          abs1         000000
__Hbank0                         bank0        000000
__Hbank1                         bank1        000000
__Hbank2                         bank2        000000
__Hbank3                         bank3        000000
__Hbank4                         bank4        000000
__Hbank5                         bank5        000000
__Hbank6                         bank6        000000
__Hbank7                         bank7        000000
__Hbigbss                        bigbss       000000
__Hbigdata                       bigdata      000000
__Hbigram                        bigram       000000
__Hbss                           bss          000000
__HbssBANK0                      bssBANK0     000000
__HbssCOMRAM                     bssCOMRAM    000000
__Hcinit                         cinit        000000
__Hclrtext                       clrtext      000000
__Hcomram                        comram       000000
__Hconfig                        config       30000E
__Hconst                         const        000000
__HcstackBANK0                   cstackBANK0  000000
__HcstackCOMRAM                  cstackCOMRAM 000000
__Hdata                          data         000000
__HdataBANK0                     dataBANK0    000000
__HdataBIGRAM                    dataBIGRAM   000000
__Heeprom_data                   eeprom_data  000000
__Hfarbss                        farbss       000000
__Hfardata                       fardata      000000
__Hibigdata                      ibigdata     000000
__Hidata                         idata        000000
__HidataBANK0                    idataBANK0   000000
__HidataBIGRAM                   idataBIGRAM  000000
__Hidloc                         idloc        200008
__Hifardata                      ifardata     000000
__Hinit                          init         000012
__Hintcode                       intcode      00000E
__Hintcode_body                  intcode_body 000000
__Hintcodelo                     intcodelo    00000E
__Hintentry                      intentry     000000
__Hintret                        intret       000000
__Hintsave_regs                  intsave_regs 000000
__Hirdata                        irdata       000000
__Hmediumconst                   mediumconst  000000
__HnvCOMRAM                      nvCOMRAM     000000
__HnvFARRAM                      nvFARRAM     000000
__Hnvbit                         nvbit        000000
__Hnvrram                        nvrram       000000
__Hparam                         rparam       000000
__Hpowerup                       powerup      00000E
__Hram                           ram          000000
__Hramtop                        ramtop       000800
__Hrbit                          rbit         000000
__Hrbss                          rbss         000000
__Hrdata                         rdata        000000
__Hreset_vec                     reset_vec    000004
__Hrparam                        rparam       000000
__Hsfr                           sfr          000000
__Hsmallconst                    smallconst   0008A8
__Hspace_0                       (abs)        30000E
__Hspace_1                       (abs)        0002AD
__Hspace_2                       (abs)        000000
__Hstack                         stack        000000
__Hstruct                        struct       000000
__Htemp                          temp         000059
__Htext                          text         000000
__Htext0                         text0        000000
__Htext2                         text2        000000
__Htext3                         text3        000000
__Htext4                         text4        000000
__Htext5                         text5        000000
__Htext6                         text6        000000
__LRAM                           (abs)        000001
__Labs1                          abs1         000000
__Lbank0                         bank0        000000
__Lbank1                         bank1        000000
__Lbank2                         bank2        000000
__Lbank3                         bank3        000000
__Lbank4                         bank4        000000
__Lbank5                         bank5        000000
__Lbank6                         bank6        000000
__Lbank7                         bank7        000000
__Lbigbss                        bigbss       000000
__Lbigdata                       bigdata      000000
__Lbigram                        bigram       000000
__Lbss                           bss          000000
__LbssBANK0                      bssBANK0     000000
__LbssCOMRAM                     bssCOMRAM    000000
__Lcinit                         cinit        000000
__Lclrtext                       clrtext      000000
__Lcomram                        comram       000000
__Lconfig                        config       300000
__Lconst                         const        000000
__LcstackBANK0                   cstackBANK0  000000
__LcstackCOMRAM                  cstackCOMRAM 000000
__Ldata                          data         000000
__LdataBANK0                     dataBANK0    000000
__LdataBIGRAM                    dataBIGRAM   000000
__Leeprom_data                   eeprom_data  000000
__Lfarbss                        farbss       000000
__Lfardata                       fardata      000000
__Libigdata                      ibigdata     000000
__Lidata                         idata        000000
__LidataBANK0                    idataBANK0   000000
__LidataBIGRAM                   idataBIGRAM  000000
__Lidloc                         idloc        200000
__Lifardata                      ifardata     000000
__Linit                          init         00000E
__Lintcode                       intcode      000008
__Lintcode_body                  intcode_body 000000
__Lintcodelo                     intcodelo    00000E
__Lintentry                      intentry     000000
__Lintret                        intret       000000
__Lintsave_regs                  intsave_regs 000000
__Lirdata                        irdata       000000
__Lmediumconst                   mediumconst  000000
__LnvCOMRAM                      nvCOMRAM     000000
__LnvFARRAM                      nvFARRAM     000000
__Lnvbit                         nvbit        000000
__Lnvrram                        nvrram       000000
__Lparam                         rparam       000000
__Lpowerup                       powerup      00000E
__Lram                           ram          000000
__Lramtop                        ramtop       000800
__Lrbit                          rbit         000000
__Lrbss                          rbss         000000
__Lrdata                         rdata        000000
__Lreset_vec                     reset_vec    000000
__Lrparam                        rparam       000000
__Lsfr                           sfr          000000
__Lsmallconst                    smallconst   000800
__Lspace_0                       (abs)        000000
__Lspace_1                       (abs)        000000
__Lspace_2                       (abs)        000000
__Lstack                         stack        000000
__Lstruct                        struct       000000
__Ltemp                          temp         000058
__Ltext                          text         000000
__Ltext0                         text0        000000
__Ltext2                         text2        000000
__Ltext3                         text3        000000
__Ltext4                         text4        000000
__Ltext5                         text5        000000
__Ltext6                         text6        000000
__S0                             (abs)        30000E
__S1                             (abs)        0002AD
__S2                             (abs)        000000
___awmod                         text6        00107E
___awmod@counter                 cstackCOMRAM 000005
___awmod@dividend                cstackCOMRAM 000001
___awmod@divisor                 cstackCOMRAM 000003
___awmod@sign                    cstackCOMRAM 000006
___inthi_sp                      stack        000000
___intlo_sp                      stack        000000
___param_bank                    (abs)        000000
___rparam_used                   (abs)        000001
___sp                            stack        000000
__accesstop                      (abs)        000060
__activetblptr                   (abs)        000001
__end_of_DEMO_DOTFLAG            smallconst   000855
__end_of_DEMO_MESSAGE            smallconst   0008A7
__end_of_MESSAGE_LENGTH          smallconst   000803
__end_of___awmod                 text6        0010EE
__end_of__initialization         cinit        001148
__end_of_handleMessage           text3        00107E
__end_of_isr                     intcode_body 000EFE
__end_of_main                    text0        000E2E
__end_of_refreshShiftRegister    text2        000AFA
__end_of_setMsgWithDot           text5        000FCC
__end_of_strncpy                 text4        0011BA
__initialization                 cinit        0010EE
__mediumconst                    mediumconst  000000
__pbssBANK0                      bssBANK0     000084
__pbssCOMRAM                     bssCOMRAM    000051
__pcinit                         cinit        0010EE
__pcstackBANK0                   cstackBANK0  000097
__pcstackCOMRAM                  cstackCOMRAM 000001
__pdataBANK0                     dataBANK0    000060
__pdataBIGRAM                    dataBIGRAM   0000A9
__pidataBANK0                    idataBANK0   0011BA
__pidataBIGRAM                   idataBIGRAM  000AFA
__pintcode                       intcode      000008
__pintcode_body                  intcode_body 000E2E
__pnvCOMRAM                      nvCOMRAM     000056
__psmallconst                    smallconst   000800
__ptext0                         text0        000CFE
__ptext2                         text2        0008A8
__ptext3                         text3        000FCC
__ptext4                         text4        00115A
__ptext5                         text5        000EFE
__ptext6                         text6        00107E
__ramtop                         ramtop       000800
__size_of___awmod                (abs)        000000
__size_of_handleMessage          (abs)        000000
__size_of_isr                    (abs)        000000
__size_of_main                   (abs)        000000
__size_of_refreshShiftRegister   (abs)        000000
__size_of_setMsgWithDot          (abs)        000000
__size_of_strncpy                (abs)        000000
__smallconst                     smallconst   000800
_digitPtr                        bssCOMRAM    000055
_disdot                          bssBANK0     000085
_display                         bssBANK0     00008E
_divisor                         bssCOMRAM    000053
_fontList                        dataBIGRAM   0000A9
_handleMessage                   text3        000FCC
_isr                             intcode      000008
_led_stat                        nvCOMRAM     000057
_main                            text0        000CFE
_refreshShiftRegister            text2        0008A8
_segMap                          dataBANK0    000060
_setMsgWithDot                   text5        000EFE
_showDemoMessage                 nvCOMRAM     000056
_strncpy                         text4        00115A
_tmrIsr                          bssBANK0     000084
_writeItr                        bssCOMRAM    000051
btemp                            temp         000058
end_of_initialization            cinit        001148
int$flags                        temp         000058
int_func                         intcode_body 000E2E
intlevel0                        text         000000
intlevel1                        text         000000
intlevel2                        text         000000
intlevel3                        text         000000
main@RxData                      cstackBANK0  0000A8
main@digitSelector               cstackBANK0  0000A7
main@dotflag                     cstackBANK0  0000A3
refreshShiftRegister@i           cstackCOMRAM 00003D
refreshShiftRegister@ledSelector cstackCOMRAM 00003B
refreshShiftRegister@map         cstackCOMRAM 000037
refreshShiftRegister@ptr         cstackCOMRAM 000001
setMsgWithDot@dotFlag            cstackCOMRAM 000003
setMsgWithDot@i                  cstackCOMRAM 000015
setMsgWithDot@message            cstackCOMRAM 000001
stackhi                          (abs)        0007FF
stacklo                          (abs)        0002AD
start                            init         00000E
start_initialization             cinit        0010EE
strncpy@cp                       cstackCOMRAM 000007
strncpy@from                     cstackCOMRAM 000003
strncpy@size                     cstackCOMRAM 000005
strncpy@to                       cstackCOMRAM 000001
wtemp6                           temp         000059


FUNCTION INFORMATION:

 *************** function _main *****************
 Defined at:
		line 102 in file "main.c"
 Parameters:    Size  Location     Type
		None
 Auto vars:     Size  Location     Type
  dotflag         4   12[BANK0 ] unsigned long 
  RxData          1   17[BANK0 ] unsigned char 
  digitSelecto    1   16[BANK0 ] unsigned char 
 Return value:  Size  Location     Type
                  1    wreg      void 
 Registers used:
		wreg, fsr2l, fsr2h, status,2, status,0, prodl, prodh
 Tracked objects:
		On entry : 
		On exit  : 
		Unchanged: 
 Data sizes:     COMRAM   BANK0   BANK1   BANK2   BANK3   BANK4   BANK5   BANK6   BANK7
      Params:         0       0       0       0       0       0       0       0       0
      Locals:         0       6       0       0       0       0       0       0       0
      Temps:          0      12       0       0       0       0       0       0       0
      Totals:         0      18       0       0       0       0       0       0       0
Total ram usage:       18 bytes
 Hardware stack levels required when called:    3
 This function calls:
		Nothing
 This function is called by:
		Startup code after reset
 This function uses a non-reentrant model


 *************** function _isr *****************
 Defined at:
		line 203 in file "main.c"
 Parameters:    Size  Location     Type
		None
 Auto vars:     Size  Location     Type
		None
 Return value:  Size  Location     Type
                  1    wreg      void 
 Registers used:
		wreg, fsr2l, fsr2h, status,2, status,0, tblptrl, tblptrh, tblptru, prodl, prodh, cstack
 Tracked objects:
		On entry : 
		On exit  : 
		Unchanged: 
 Data sizes:     COMRAM   BANK0   BANK1   BANK2   BANK3   BANK4   BANK5   BANK6   BANK7
      Params:         0       0       0       0       0       0       0       0       0
      Locals:         0       0       0       0       0       0       0       0       0
      Temps:         18       0       0       0       0       0       0       0       0
      Totals:        18       0       0       0       0       0       0       0       0
Total ram usage:       18 bytes
 Hardware stack levels used:    1
 Hardware stack levels required when called:    2
 This function calls:
		___awmod
		_handleMessage
		_refreshShiftRegister
 This function is called by:
		Interrupt level 2
 This function uses a non-reentrant model


 *************** function _refreshShiftRegister *****************
 Defined at:
		line 78 in file "main.c"
 Parameters:    Size  Location     Type
  ptr             2    0[COMRAM] int 
 Auto vars:     Size  Location     Type
  i               2   60[COMRAM] int 
  map             4   54[COMRAM] unsigned long 
  ledSelector     2   58[COMRAM] unsigned int 
 Return value:  Size  Location     Type
                  1    wreg      void 
 Registers used:
		wreg, fsr2l, fsr2h, status,2, status,0
 Tracked objects:
		On entry : 
		On exit  : 
		Unchanged: 
 Data sizes:     COMRAM   BANK0   BANK1   BANK2   BANK3   BANK4   BANK5   BANK6   BANK7
      Params:         2       0       0       0       0       0       0       0       0
      Locals:         8       0       0       0       0       0       0       0       0
      Temps:         52       0       0       0       0       0       0       0       0
      Totals:        62       0       0       0       0       0       0       0       0
Total ram usage:       62 bytes
 Hardware stack levels used:    1
 This function calls:
		Nothing
 This function is called by:
		_isr
 This function uses a non-reentrant model


 *************** function _handleMessage *****************
 Defined at:
		line 189 in file "main.c"
 Parameters:    Size  Location     Type
		None
 Auto vars:     Size  Location     Type
		None
 Return value:  Size  Location     Type
                  1    wreg      void 
 Registers used:
		wreg, fsr2l, fsr2h, status,2, status,0, tblptrl, tblptrh, tblptru, prodl, prodh, cstack
 Tracked objects:
		On entry : 
		On exit  : 
		Unchanged: 
 Data sizes:     COMRAM   BANK0   BANK1   BANK2   BANK3   BANK4   BANK5   BANK6   BANK7
      Params:         0       0       0       0       0       0       0       0       0
      Locals:         0       0       0       0       0       0       0       0       0
      Temps:          6       0       0       0       0       0       0       0       0
      Totals:         6       0       0       0       0       0       0       0       0
Total ram usage:        6 bytes
 Hardware stack levels used:    1
 Hardware stack levels required when called:    1
 This function calls:
		_setMsgWithDot
		_strncpy
 This function is called by:
		_isr
 This function uses a non-reentrant model


 *************** function _strncpy *****************
 Defined at:
		line 8 in file "D:\Microchip\xc8\v1.45\sources\common\strncpy.c"
 Parameters:    Size  Location     Type
  to              2    0[COMRAM] PTR unsigned char 
		 -> disdot(9), display(9), 
  from            2    2[COMRAM] PTR const unsigned char 
		 -> DEMO_DOTFLAG(82), DEMO_MESSAGE(82), 
  size            2    4[COMRAM] unsigned int 
 Auto vars:     Size  Location     Type
  cp              2    6[COMRAM] PTR unsigned char 
		 -> disdot(9), display(9), 
 Return value:  Size  Location     Type
                  2    0[COMRAM] PTR unsigned char 
 Registers used:
		wreg, fsr2l, fsr2h, status,2, status,0, tblptrl, tblptrh, tblptru
 Tracked objects:
		On entry : 
		On exit  : 
		Unchanged: 
 Data sizes:     COMRAM   BANK0   BANK1   BANK2   BANK3   BANK4   BANK5   BANK6   BANK7
      Params:         6       0       0       0       0       0       0       0       0
      Locals:         2       0       0       0       0       0       0       0       0
      Temps:          0       0       0       0       0       0       0       0       0
      Totals:         8       0       0       0       0       0       0       0       0
Total ram usage:        8 bytes
 Hardware stack levels used:    1
 This function calls:
		Nothing
 This function is called by:
		_handleMessage
 This function uses a non-reentrant model


 *************** function _setMsgWithDot *****************
 Defined at:
		line 72 in file "main.c"
 Parameters:    Size  Location     Type
  message         2    0[COMRAM] PTR unsigned char 
		 -> display(9), 
  dotFlag         2    2[COMRAM] PTR unsigned char 
		 -> disdot(9), 
 Auto vars:     Size  Location     Type
  i               2   20[COMRAM] int 
 Return value:  Size  Location     Type
                  1    wreg      void 
 Registers used:
		wreg, fsr2l, fsr2h, status,2, status,0, prodl, prodh
 Tracked objects:
		On entry : 
		On exit  : 
		Unchanged: 
 Data sizes:     COMRAM   BANK0   BANK1   BANK2   BANK3   BANK4   BANK5   BANK6   BANK7
      Params:         4       0       0       0       0       0       0       0       0
      Locals:         2       0       0       0       0       0       0       0       0
      Temps:         16       0       0       0       0       0       0       0       0
      Totals:        22       0       0       0       0       0       0       0       0
Total ram usage:       22 bytes
 Hardware stack levels used:    1
 This function calls:
		Nothing
 This function is called by:
		_handleMessage
 This function uses a non-reentrant model


 *************** function ___awmod *****************
 Defined at:
		line 8 in file "D:\Microchip\xc8\v1.45\sources\common\awmod.c"
 Parameters:    Size  Location     Type
  dividend        2    0[COMRAM] int 
  divisor         2    2[COMRAM] int 
 Auto vars:     Size  Location     Type
  sign            1    5[COMRAM] unsigned char 
  counter         1    4[COMRAM] unsigned char 
 Return value:  Size  Location     Type
                  2    0[COMRAM] int 
 Registers used:
		wreg, status,2, status,0
 Tracked objects:
		On entry : 
		On exit  : 
		Unchanged: 
 Data sizes:     COMRAM   BANK0   BANK1   BANK2   BANK3   BANK4   BANK5   BANK6   BANK7
      Params:         4       0       0       0       0       0       0       0       0
      Locals:         2       0       0       0       0       0       0       0       0
      Temps:          0       0       0       0       0       0       0       0       0
      Totals:         6       0       0       0       0       0       0       0       0
Total ram usage:        6 bytes
 Hardware stack levels used:    1
 This function calls:
		Nothing
 This function is called by:
		_isr
 This function uses a non-reentrant model



MODULE INFORMATION

Module		Function		Class		Link	Load	Size
D:\Microchip\xc8\v1.45\sources\common\strncpy.c
		_strncpy       		CODE           	115A	0000	97

D:\Microchip\xc8\v1.45\sources\common\strncpy.c estimated size: 97

shared
		_MESSAGE_LENGTH		SMALLCONST     	0801	0000	3
		__initialization		CODE           	10EE	0000	91
		_DEMO_DOTFLAG  		SMALLCONST     	0803	0000	83
		_DEMO_MESSAGE  		SMALLCONST     	0855	0000	83

shared estimated size: 260

D:\Microchip\xc8\v1.45\sources\common\awmod.c
		___awmod       		CODE           	107E	0000	113

D:\Microchip\xc8\v1.45\sources\common\awmod.c estimated size: 113

main.c
		_handleMessage 		CODE           	0FCC	0000	179
		_refreshShiftRegister		CODE           	08A8	0000	595
		_setMsgWithDot 		CODE           	0EFE	0000	207
		_main          		CODE           	0CFE	0000	305
		_isr           		CODE           	0008	0000	215

main.c estimated size: 1501

